// Jest Snapshot v1, https://goo.gl/fbAQLP

exports[`imports-with-comments.js - babel-verify: imports-with-comments.js 1`] = `
// I am top level comment in this file.
import z from 'z';
import threeLevelRelativePath from "../../../threeLevelRelativePath";
import sameLevelRelativePath from "./sameLevelRelativePath";
import thirdParty from "third-party";
import oneLevelRelativePath from "../oneLevelRelativePath";
import otherthing from "@core/otherthing";
import abc from "@core/abc";
import twoLevelRelativePath from "../../twoLevelRelativePath";
import component from "@ui/hello";
import fourLevelRelativePath from "../../../../fourLevelRelativePath";
import something from "@server/something";
import xyz from "@ui/xyz";

function add(a,b) {
  return a + b;
}
~~~~~~~~~~~~~~~~~~~~~~~~~~~~~~~~~~~~~~~~~~~~~~~~~~~~~~~~~~~~~~~~~~~~~~~~~~~~~~~~
// I am top level comment in this file.
import thirdParty from "third-party";
import z from "z";

import abc from "@core/abc";
import otherthing from "@core/otherthing";

import something from "@server/something";

import component from "@ui/hello";
import xyz from "@ui/xyz";

import fourLevelRelativePath from "../../../../fourLevelRelativePath";
import threeLevelRelativePath from "../../../threeLevelRelativePath";
import twoLevelRelativePath from "../../twoLevelRelativePath";
import oneLevelRelativePath from "../oneLevelRelativePath";
import sameLevelRelativePath from "./sameLevelRelativePath";

function add(a, b) {
    return a + b;
}

`;
