// Jest Snapshot v1, https://goo.gl/fbAQLP

exports[`it returns all sorted nodes 1`] = `
Array [
  Node {
    "end": 148,
    "extra": undefined,
    "innerComments": null,
    "leadingComments": Array [
      Object {
        "end": 16,
        "loc": SourceLocation {
          "end": Position {
            "column": 16,
            "line": 1,
          },
          "filename": undefined,
          "identifierName": undefined,
          "start": Position {
            "column": 0,
            "line": 1,
          },
        },
        "start": 0,
        "type": "CommentLine",
        "value": " first comment",
      },
      Object {
        "end": 34,
        "loc": SourceLocation {
          "end": Position {
            "column": 17,
            "line": 2,
          },
          "filename": undefined,
          "identifierName": undefined,
          "start": Position {
            "column": 0,
            "line": 2,
          },
        },
        "start": 17,
        "type": "CommentLine",
        "value": " second comment",
      },
    ],
    "loc": SourceLocation {
      "end": Position {
        "column": 18,
        "line": 8,
      },
      "filename": undefined,
      "identifierName": undefined,
      "start": Position {
        "column": 0,
        "line": 8,
      },
    },
    "range": undefined,
    "source": Node {
      "end": 147,
      "extra": Object {
        "raw": "'a'",
        "rawValue": "a",
      },
      "innerComments": undefined,
      "leadingComments": undefined,
      "loc": SourceLocation {
        "end": Position {
          "column": 17,
          "line": 8,
        },
        "filename": undefined,
        "identifierName": undefined,
        "start": Position {
          "column": 14,
          "line": 8,
        },
      },
      "range": undefined,
      "start": 144,
      "trailingComments": undefined,
      "type": "StringLiteral",
      "value": "a",
    },
    "specifiers": Array [
      Node {
        "end": 138,
        "extra": undefined,
        "innerComments": undefined,
        "leadingComments": undefined,
        "loc": SourceLocation {
          "end": Position {
            "column": 8,
            "line": 8,
          },
          "filename": undefined,
          "identifierName": undefined,
          "start": Position {
            "column": 7,
            "line": 8,
          },
        },
        "local": Node {
          "end": 138,
          "extra": undefined,
          "innerComments": undefined,
          "leadingComments": undefined,
          "loc": SourceLocation {
            "end": Position {
              "column": 8,
              "line": 8,
            },
            "filename": undefined,
            "identifierName": "a",
            "start": Position {
              "column": 7,
              "line": 8,
            },
          },
          "name": "a",
          "range": undefined,
          "start": 137,
          "trailingComments": undefined,
          "type": "Identifier",
        },
        "range": undefined,
        "start": 137,
        "trailingComments": undefined,
        "type": "ImportDefaultSpecifier",
      },
    ],
    "start": 130,
    "trailingComments": null,
    "type": "ImportDeclaration",
  },
  Node {
    "end": 72,
    "extra": undefined,
    "innerComments": null,
    "leadingComments": Array [],
    "loc": SourceLocation {
      "end": Position {
        "column": 18,
        "line": 4,
      },
      "filename": undefined,
      "identifierName": undefined,
      "start": Position {
        "column": 0,
        "line": 4,
      },
    },
    "range": undefined,
    "source": Node {
      "end": 71,
      "extra": Object {
        "raw": "'c'",
        "rawValue": "c",
      },
      "innerComments": undefined,
      "leadingComments": undefined,
      "loc": SourceLocation {
        "end": Position {
          "column": 17,
          "line": 4,
        },
        "filename": undefined,
        "identifierName": undefined,
        "start": Position {
          "column": 14,
          "line": 4,
        },
      },
      "range": undefined,
      "start": 68,
      "trailingComments": undefined,
      "type": "StringLiteral",
      "value": "c",
    },
    "specifiers": Array [
      Node {
        "end": 62,
        "extra": undefined,
        "innerComments": undefined,
        "leadingComments": undefined,
        "loc": SourceLocation {
          "end": Position {
            "column": 8,
            "line": 4,
          },
          "filename": undefined,
          "identifierName": undefined,
          "start": Position {
            "column": 7,
            "line": 4,
          },
        },
        "local": Node {
          "end": 62,
          "extra": undefined,
          "innerComments": undefined,
          "leadingComments": undefined,
          "loc": SourceLocation {
            "end": Position {
              "column": 8,
              "line": 4,
            },
            "filename": undefined,
            "identifierName": "c",
            "start": Position {
              "column": 7,
              "line": 4,
            },
          },
          "name": "c",
          "range": undefined,
          "start": 61,
          "trailingComments": undefined,
          "type": "Identifier",
        },
        "range": undefined,
        "start": 61,
        "trailingComments": undefined,
        "type": "ImportDefaultSpecifier",
      },
    ],
    "start": 54,
    "trailingComments": null,
    "type": "ImportDeclaration",
  },
  Node {
    "end": 91,
    "extra": undefined,
    "innerComments": null,
    "leadingComments": Array [],
    "loc": SourceLocation {
      "end": Position {
        "column": 18,
        "line": 5,
      },
      "filename": undefined,
      "identifierName": undefined,
      "start": Position {
        "column": 0,
        "line": 5,
      },
    },
    "range": undefined,
    "source": Node {
      "end": 90,
      "extra": Object {
        "raw": "'g'",
        "rawValue": "g",
      },
      "innerComments": undefined,
      "leadingComments": undefined,
      "loc": SourceLocation {
        "end": Position {
          "column": 17,
          "line": 5,
        },
        "filename": undefined,
        "identifierName": undefined,
        "start": Position {
          "column": 14,
          "line": 5,
        },
      },
      "range": undefined,
      "start": 87,
      "trailingComments": undefined,
      "type": "StringLiteral",
      "value": "g",
    },
    "specifiers": Array [
      Node {
        "end": 81,
        "extra": undefined,
        "innerComments": undefined,
        "leadingComments": undefined,
        "loc": SourceLocation {
          "end": Position {
            "column": 8,
            "line": 5,
          },
          "filename": undefined,
          "identifierName": undefined,
          "start": Position {
            "column": 7,
            "line": 5,
          },
        },
        "local": Node {
          "end": 81,
          "extra": undefined,
          "innerComments": undefined,
          "leadingComments": undefined,
          "loc": SourceLocation {
            "end": Position {
              "column": 8,
              "line": 5,
            },
            "filename": undefined,
            "identifierName": "g",
            "start": Position {
              "column": 7,
              "line": 5,
            },
          },
          "name": "g",
          "range": undefined,
          "start": 80,
          "trailingComments": undefined,
          "type": "Identifier",
        },
        "range": undefined,
        "start": 80,
        "trailingComments": undefined,
        "type": "ImportDefaultSpecifier",
      },
    ],
    "start": 73,
    "trailingComments": null,
    "type": "ImportDeclaration",
  },
  Node {
    "end": 129,
    "extra": undefined,
    "innerComments": null,
    "leadingComments": Array [],
    "loc": SourceLocation {
      "end": Position {
        "column": 18,
        "line": 7,
      },
      "filename": undefined,
      "identifierName": undefined,
      "start": Position {
        "column": 0,
        "line": 7,
      },
    },
    "range": undefined,
    "source": Node {
      "end": 128,
      "extra": Object {
        "raw": "'k'",
        "rawValue": "k",
      },
      "innerComments": undefined,
      "leadingComments": undefined,
      "loc": SourceLocation {
        "end": Position {
          "column": 17,
          "line": 7,
        },
        "filename": undefined,
        "identifierName": undefined,
        "start": Position {
          "column": 14,
          "line": 7,
        },
      },
      "range": undefined,
      "start": 125,
      "trailingComments": undefined,
      "type": "StringLiteral",
      "value": "k",
    },
    "specifiers": Array [
      Node {
        "end": 119,
        "extra": undefined,
        "innerComments": undefined,
        "leadingComments": undefined,
        "loc": SourceLocation {
          "end": Position {
            "column": 8,
            "line": 7,
          },
          "filename": undefined,
          "identifierName": undefined,
          "start": Position {
            "column": 7,
            "line": 7,
          },
        },
        "local": Node {
          "end": 119,
          "extra": undefined,
          "innerComments": undefined,
          "leadingComments": undefined,
          "loc": SourceLocation {
            "end": Position {
              "column": 8,
              "line": 7,
            },
            "filename": undefined,
            "identifierName": "k",
            "start": Position {
              "column": 7,
              "line": 7,
            },
          },
          "name": "k",
          "range": undefined,
          "start": 118,
          "trailingComments": undefined,
          "type": "Identifier",
        },
        "range": undefined,
        "start": 118,
        "trailingComments": undefined,
        "type": "ImportDefaultSpecifier",
      },
    ],
    "start": 111,
    "trailingComments": null,
    "type": "ImportDeclaration",
  },
  Node {
    "end": 110,
    "extra": undefined,
    "innerComments": null,
    "leadingComments": Array [],
    "loc": SourceLocation {
      "end": Position {
        "column": 18,
        "line": 6,
      },
      "filename": undefined,
      "identifierName": undefined,
      "start": Position {
        "column": 0,
        "line": 6,
      },
    },
    "range": undefined,
    "source": Node {
      "end": 109,
      "extra": Object {
        "raw": "'t'",
        "rawValue": "t",
      },
      "innerComments": undefined,
      "leadingComments": undefined,
      "loc": SourceLocation {
        "end": Position {
          "column": 17,
          "line": 6,
        },
        "filename": undefined,
        "identifierName": undefined,
        "start": Position {
          "column": 14,
          "line": 6,
        },
      },
      "range": undefined,
      "start": 106,
      "trailingComments": undefined,
      "type": "StringLiteral",
      "value": "t",
    },
    "specifiers": Array [
      Node {
        "end": 100,
        "extra": undefined,
        "innerComments": undefined,
        "leadingComments": undefined,
        "loc": SourceLocation {
          "end": Position {
            "column": 8,
            "line": 6,
          },
          "filename": undefined,
          "identifierName": undefined,
          "start": Position {
            "column": 7,
            "line": 6,
          },
        },
        "local": Node {
          "end": 100,
          "extra": undefined,
          "innerComments": undefined,
          "leadingComments": undefined,
          "loc": SourceLocation {
            "end": Position {
              "column": 8,
              "line": 6,
            },
            "filename": undefined,
            "identifierName": "t",
            "start": Position {
              "column": 7,
              "line": 6,
            },
          },
          "name": "t",
          "range": undefined,
          "start": 99,
          "trailingComments": undefined,
          "type": "Identifier",
        },
        "range": undefined,
        "start": 99,
        "trailingComments": undefined,
        "type": "ImportDefaultSpecifier",
      },
    ],
    "start": 92,
    "trailingComments": null,
    "type": "ImportDeclaration",
  },
  Node {
    "end": 53,
    "extra": undefined,
    "innerComments": null,
    "leadingComments": null,
    "loc": SourceLocation {
      "end": Position {
        "column": 18,
        "line": 3,
      },
      "filename": undefined,
      "identifierName": undefined,
      "start": Position {
        "column": 0,
        "line": 3,
      },
    },
    "range": undefined,
    "source": Node {
      "end": 52,
      "extra": Object {
        "raw": "'z'",
        "rawValue": "z",
      },
      "innerComments": undefined,
      "leadingComments": undefined,
      "loc": SourceLocation {
        "end": Position {
          "column": 17,
          "line": 3,
        },
        "filename": undefined,
        "identifierName": undefined,
        "start": Position {
          "column": 14,
          "line": 3,
        },
      },
      "range": undefined,
      "start": 49,
      "trailingComments": undefined,
      "type": "StringLiteral",
      "value": "z",
    },
    "specifiers": Array [
      Node {
        "end": 43,
        "extra": undefined,
        "innerComments": undefined,
        "loc": SourceLocation {
          "end": Position {
            "column": 8,
            "line": 3,
          },
          "filename": undefined,
          "identifierName": undefined,
          "start": Position {
            "column": 7,
            "line": 3,
          },
        },
        "local": Node {
          "end": 43,
          "extra": undefined,
          "innerComments": undefined,
          "loc": SourceLocation {
            "end": Position {
              "column": 8,
              "line": 3,
            },
            "filename": undefined,
            "identifierName": "z",
            "start": Position {
              "column": 7,
              "line": 3,
            },
          },
          "name": "z",
          "range": undefined,
          "start": 42,
          "trailingComments": undefined,
          "type": "Identifier",
        },
        "range": undefined,
        "start": 42,
        "trailingComments": undefined,
        "type": "ImportDefaultSpecifier",
      },
    ],
    "start": 35,
    "trailingComments": null,
    "type": "ImportDeclaration",
  },
  Object {
    "expression": Object {
      "type": "StringLiteral",
      "value": "PRETTIER_PLUGIN_SORT_IMPORTS_NEW_LINE",
    },
    "innerComments": null,
    "leadingComments": Array [],
    "trailingComments": null,
    "type": "ExpressionStatement",
  },
]
`;

exports[`it returns all sorted nodes with sort order 1`] = `
Array [
  Node {
    "end": 72,
    "extra": undefined,
    "innerComments": null,
    "leadingComments": Array [
      Object {
        "end": 16,
        "loc": SourceLocation {
          "end": Position {
            "column": 16,
            "line": 1,
          },
          "filename": undefined,
          "identifierName": undefined,
          "start": Position {
            "column": 0,
            "line": 1,
          },
        },
        "start": 0,
        "type": "CommentLine",
        "value": " first comment",
      },
      Object {
        "end": 34,
        "loc": SourceLocation {
          "end": Position {
            "column": 17,
            "line": 2,
          },
          "filename": undefined,
          "identifierName": undefined,
          "start": Position {
            "column": 0,
            "line": 2,
          },
        },
        "start": 17,
        "type": "CommentLine",
        "value": " second comment",
      },
    ],
    "loc": SourceLocation {
      "end": Position {
        "column": 18,
        "line": 4,
      },
      "filename": undefined,
      "identifierName": undefined,
      "start": Position {
        "column": 0,
        "line": 4,
      },
    },
    "range": undefined,
    "source": Node {
      "end": 71,
      "extra": Object {
        "raw": "'c'",
        "rawValue": "c",
      },
      "innerComments": undefined,
      "leadingComments": undefined,
      "loc": SourceLocation {
        "end": Position {
          "column": 17,
          "line": 4,
        },
        "filename": undefined,
        "identifierName": undefined,
        "start": Position {
          "column": 14,
          "line": 4,
        },
      },
      "range": undefined,
      "start": 68,
      "trailingComments": undefined,
      "type": "StringLiteral",
      "value": "c",
    },
    "specifiers": Array [
      Node {
        "end": 62,
        "extra": undefined,
        "innerComments": undefined,
        "leadingComments": undefined,
        "loc": SourceLocation {
          "end": Position {
            "column": 8,
            "line": 4,
          },
          "filename": undefined,
          "identifierName": undefined,
          "start": Position {
            "column": 7,
            "line": 4,
          },
        },
        "local": Node {
          "end": 62,
          "extra": undefined,
          "innerComments": undefined,
          "leadingComments": undefined,
          "loc": SourceLocation {
            "end": Position {
              "column": 8,
              "line": 4,
            },
            "filename": undefined,
            "identifierName": "c",
            "start": Position {
              "column": 7,
              "line": 4,
            },
          },
          "name": "c",
          "range": undefined,
          "start": 61,
          "trailingComments": undefined,
          "type": "Identifier",
        },
        "range": undefined,
        "start": 61,
        "trailingComments": undefined,
        "type": "ImportDefaultSpecifier",
      },
    ],
    "start": 54,
    "trailingComments": null,
    "type": "ImportDeclaration",
  },
  Node {
    "end": 91,
    "extra": undefined,
    "innerComments": null,
    "leadingComments": Array [],
    "loc": SourceLocation {
      "end": Position {
        "column": 18,
        "line": 5,
      },
      "filename": undefined,
      "identifierName": undefined,
      "start": Position {
        "column": 0,
        "line": 5,
      },
    },
    "range": undefined,
    "source": Node {
      "end": 90,
      "extra": Object {
        "raw": "'g'",
        "rawValue": "g",
      },
      "innerComments": undefined,
      "leadingComments": undefined,
      "loc": SourceLocation {
        "end": Position {
          "column": 17,
          "line": 5,
        },
        "filename": undefined,
        "identifierName": undefined,
        "start": Position {
          "column": 14,
          "line": 5,
        },
      },
      "range": undefined,
      "start": 87,
      "trailingComments": undefined,
      "type": "StringLiteral",
      "value": "g",
    },
    "specifiers": Array [
      Node {
        "end": 81,
        "extra": undefined,
        "innerComments": undefined,
        "leadingComments": undefined,
        "loc": SourceLocation {
          "end": Position {
            "column": 8,
            "line": 5,
          },
          "filename": undefined,
          "identifierName": undefined,
          "start": Position {
            "column": 7,
            "line": 5,
          },
        },
        "local": Node {
          "end": 81,
          "extra": undefined,
          "innerComments": undefined,
          "leadingComments": undefined,
          "loc": SourceLocation {
            "end": Position {
              "column": 8,
              "line": 5,
            },
            "filename": undefined,
            "identifierName": "g",
            "start": Position {
              "column": 7,
              "line": 5,
            },
          },
          "name": "g",
          "range": undefined,
          "start": 80,
          "trailingComments": undefined,
          "type": "Identifier",
        },
        "range": undefined,
        "start": 80,
        "trailingComments": undefined,
        "type": "ImportDefaultSpecifier",
      },
    ],
    "start": 73,
    "trailingComments": null,
    "type": "ImportDeclaration",
  },
  Node {
    "end": 53,
    "extra": undefined,
    "innerComments": null,
    "leadingComments": null,
    "loc": SourceLocation {
      "end": Position {
        "column": 18,
        "line": 3,
      },
      "filename": undefined,
      "identifierName": undefined,
      "start": Position {
        "column": 0,
        "line": 3,
      },
    },
    "range": undefined,
    "source": Node {
      "end": 52,
      "extra": Object {
        "raw": "'z'",
        "rawValue": "z",
      },
      "innerComments": undefined,
      "leadingComments": undefined,
      "loc": SourceLocation {
        "end": Position {
          "column": 17,
          "line": 3,
        },
        "filename": undefined,
        "identifierName": undefined,
        "start": Position {
          "column": 14,
          "line": 3,
        },
      },
      "range": undefined,
      "start": 49,
      "trailingComments": undefined,
      "type": "StringLiteral",
      "value": "z",
    },
    "specifiers": Array [
      Node {
        "end": 43,
        "extra": undefined,
        "innerComments": undefined,
        "loc": SourceLocation {
          "end": Position {
            "column": 8,
            "line": 3,
          },
          "filename": undefined,
          "identifierName": undefined,
          "start": Position {
            "column": 7,
            "line": 3,
          },
        },
        "local": Node {
          "end": 43,
          "extra": undefined,
          "innerComments": undefined,
          "loc": SourceLocation {
            "end": Position {
              "column": 8,
              "line": 3,
            },
            "filename": undefined,
            "identifierName": "z",
            "start": Position {
              "column": 7,
              "line": 3,
            },
          },
          "name": "z",
          "range": undefined,
          "start": 42,
          "trailingComments": undefined,
          "type": "Identifier",
        },
        "range": undefined,
        "start": 42,
        "trailingComments": undefined,
        "type": "ImportDefaultSpecifier",
      },
    ],
    "start": 35,
    "trailingComments": null,
    "type": "ImportDeclaration",
  },
  Object {
    "expression": Object {
      "type": "StringLiteral",
      "value": "PRETTIER_PLUGIN_SORT_IMPORTS_NEW_LINE",
    },
    "innerComments": null,
    "leadingComments": Array [],
    "trailingComments": null,
    "type": "ExpressionStatement",
  },
  Node {
    "end": 148,
    "extra": undefined,
    "innerComments": null,
    "leadingComments": Array [],
    "loc": SourceLocation {
      "end": Position {
        "column": 18,
        "line": 8,
      },
      "filename": undefined,
      "identifierName": undefined,
      "start": Position {
        "column": 0,
        "line": 8,
      },
    },
    "range": undefined,
    "source": Node {
      "end": 147,
      "extra": Object {
        "raw": "'a'",
        "rawValue": "a",
      },
      "innerComments": undefined,
      "leadingComments": undefined,
      "loc": SourceLocation {
        "end": Position {
          "column": 17,
          "line": 8,
        },
        "filename": undefined,
        "identifierName": undefined,
        "start": Position {
          "column": 14,
          "line": 8,
        },
      },
      "range": undefined,
      "start": 144,
      "trailingComments": undefined,
      "type": "StringLiteral",
      "value": "a",
    },
    "specifiers": Array [
      Node {
        "end": 138,
        "extra": undefined,
        "innerComments": undefined,
        "leadingComments": undefined,
        "loc": SourceLocation {
          "end": Position {
            "column": 8,
            "line": 8,
          },
          "filename": undefined,
          "identifierName": undefined,
          "start": Position {
            "column": 7,
            "line": 8,
          },
        },
        "local": Node {
          "end": 138,
          "extra": undefined,
          "innerComments": undefined,
          "leadingComments": undefined,
          "loc": SourceLocation {
            "end": Position {
              "column": 8,
              "line": 8,
            },
            "filename": undefined,
            "identifierName": "a",
            "start": Position {
              "column": 7,
              "line": 8,
            },
          },
          "name": "a",
          "range": undefined,
          "start": 137,
          "trailingComments": undefined,
          "type": "Identifier",
        },
        "range": undefined,
        "start": 137,
        "trailingComments": undefined,
        "type": "ImportDefaultSpecifier",
      },
    ],
    "start": 130,
    "trailingComments": null,
    "type": "ImportDeclaration",
  },
  Object {
    "expression": Object {
      "type": "StringLiteral",
      "value": "PRETTIER_PLUGIN_SORT_IMPORTS_NEW_LINE",
    },
    "innerComments": null,
    "leadingComments": Array [],
    "trailingComments": null,
    "type": "ExpressionStatement",
  },
  Node {
    "end": 110,
    "extra": undefined,
    "innerComments": null,
    "leadingComments": Array [],
    "loc": SourceLocation {
      "end": Position {
        "column": 18,
        "line": 6,
      },
      "filename": undefined,
      "identifierName": undefined,
      "start": Position {
        "column": 0,
        "line": 6,
      },
    },
    "range": undefined,
    "source": Node {
      "end": 109,
      "extra": Object {
        "raw": "'t'",
        "rawValue": "t",
      },
      "innerComments": undefined,
      "leadingComments": undefined,
      "loc": SourceLocation {
        "end": Position {
          "column": 17,
          "line": 6,
        },
        "filename": undefined,
        "identifierName": undefined,
        "start": Position {
          "column": 14,
          "line": 6,
        },
      },
      "range": undefined,
      "start": 106,
      "trailingComments": undefined,
      "type": "StringLiteral",
      "value": "t",
    },
    "specifiers": Array [
      Node {
        "end": 100,
        "extra": undefined,
        "innerComments": undefined,
        "leadingComments": undefined,
        "loc": SourceLocation {
          "end": Position {
            "column": 8,
            "line": 6,
          },
          "filename": undefined,
          "identifierName": undefined,
          "start": Position {
            "column": 7,
            "line": 6,
          },
        },
        "local": Node {
          "end": 100,
          "extra": undefined,
          "innerComments": undefined,
          "leadingComments": undefined,
          "loc": SourceLocation {
            "end": Position {
              "column": 8,
              "line": 6,
            },
            "filename": undefined,
            "identifierName": "t",
            "start": Position {
              "column": 7,
              "line": 6,
            },
          },
          "name": "t",
          "range": undefined,
          "start": 99,
          "trailingComments": undefined,
          "type": "Identifier",
        },
        "range": undefined,
        "start": 99,
        "trailingComments": undefined,
        "type": "ImportDefaultSpecifier",
      },
    ],
    "start": 92,
    "trailingComments": null,
    "type": "ImportDeclaration",
  },
  Object {
    "expression": Object {
      "type": "StringLiteral",
      "value": "PRETTIER_PLUGIN_SORT_IMPORTS_NEW_LINE",
    },
    "innerComments": null,
    "leadingComments": Array [],
    "trailingComments": null,
    "type": "ExpressionStatement",
  },
  Node {
    "end": 129,
    "extra": undefined,
    "innerComments": null,
    "leadingComments": Array [],
    "loc": SourceLocation {
      "end": Position {
        "column": 18,
        "line": 7,
      },
      "filename": undefined,
      "identifierName": undefined,
      "start": Position {
        "column": 0,
        "line": 7,
      },
    },
    "range": undefined,
    "source": Node {
      "end": 128,
      "extra": Object {
        "raw": "'k'",
        "rawValue": "k",
      },
      "innerComments": undefined,
      "leadingComments": undefined,
      "loc": SourceLocation {
        "end": Position {
          "column": 17,
          "line": 7,
        },
        "filename": undefined,
        "identifierName": undefined,
        "start": Position {
          "column": 14,
          "line": 7,
        },
      },
      "range": undefined,
      "start": 125,
      "trailingComments": undefined,
      "type": "StringLiteral",
      "value": "k",
    },
    "specifiers": Array [
      Node {
        "end": 119,
        "extra": undefined,
        "innerComments": undefined,
        "leadingComments": undefined,
        "loc": SourceLocation {
          "end": Position {
            "column": 8,
            "line": 7,
          },
          "filename": undefined,
          "identifierName": undefined,
          "start": Position {
            "column": 7,
            "line": 7,
          },
        },
        "local": Node {
          "end": 119,
          "extra": undefined,
          "innerComments": undefined,
          "leadingComments": undefined,
          "loc": SourceLocation {
            "end": Position {
              "column": 8,
              "line": 7,
            },
            "filename": undefined,
            "identifierName": "k",
            "start": Position {
              "column": 7,
              "line": 7,
            },
          },
          "name": "k",
          "range": undefined,
          "start": 118,
          "trailingComments": undefined,
          "type": "Identifier",
        },
        "range": undefined,
        "start": 118,
        "trailingComments": undefined,
        "type": "ImportDefaultSpecifier",
      },
    ],
    "start": 111,
    "trailingComments": null,
    "type": "ImportDeclaration",
  },
  Object {
    "expression": Object {
      "type": "StringLiteral",
      "value": "PRETTIER_PLUGIN_SORT_IMPORTS_NEW_LINE",
    },
    "innerComments": null,
    "leadingComments": Array [],
    "trailingComments": null,
    "type": "ExpressionStatement",
  },
]
`;
